Using cpu device
  8 envs x 6 stacked frames, 24 training seas, preview 8.0 s
  400,000 steps -- the plant runs at ~85x real time per core

-----------------------------
| time/              |      |
|    fps             | 230  |
|    iterations      | 1    |
|    time_elapsed    | 17   |
|    total_timesteps | 4096 |
-----------------------------
-----------------------------------------
| time/                   |             |
|    fps                  | 218         |
|    iterations           | 2           |
|    time_elapsed         | 37          |
|    total_timesteps      | 8192        |
| train/                  |             |
|    approx_kl            | 0.002348698 |
|    clip_fraction        | 0.00684     |
|    clip_range           | 0.2         |
|    entropy_loss         | -2.84       |
|    explained_variance   | 3.28e-05    |
|    learning_rate        | 0.0003      |
|    loss                 | 1.39e+06    |
|    n_updates            | 10          |
|    policy_gradient_loss | -0.0024     |
|    std                  | 1           |
|    value_loss           | 2.93e+06    |
-----------------------------------------
------------------------------------------
| time/                   |              |
|    fps                  | 207          |
|    iterations           | 3            |
|    time_elapsed         | 59           |
|    total_timesteps      | 12288        |
| train/                  |              |
|    approx_kl            | 0.0010106745 |
|    clip_fraction        | 0.000391     |
|    clip_range           | 0.2          |
|    entropy_loss         | -2.84        |
|    explained_variance   | 0.000867     |
|    learning_rate        | 0.0003       |
|    loss                 | 1.15e+06     |
|    n_updates            | 20           |
|    policy_gradient_loss | -0.00169     |
|    std                  | 1            |
|    value_loss           | 2.28e+06     |
------------------------------------------
-------------------------------------------
| time/                   |               |
|    fps                  | 201           |
|    iterations           | 4             |
|    time_elapsed         | 81            |
|    total_timesteps      | 16384         |
| train/                  |               |
|    approx_kl            | 0.00056362734 |
|    clip_fraction        | 0             |
|    clip_range           | 0.2           |
|    entropy_loss         | -2.85         |
|    explained_variance   | 0.00245       |
|    learning_rate        | 0.0003        |
|    loss                 | 2.08e+06      |
|    n_updates            | 30            |
|    policy_gradient_loss | -0.00104      |
|    std                  | 1             |
|    value_loss           | 3.91e+06      |
-------------------------------------------
------------------------------------------
| time/                   |              |
|    fps                  | 200          |
|    iterations           | 5            |
|    time_elapsed         | 102          |
|    total_timesteps      | 20480        |
| train/                  |              |
|    approx_kl            | 0.0008900664 |
|    clip_fraction        | 4.88e-05     |
|    clip_range           | 0.2          |
|    entropy_loss         | -2.84        |
|    explained_variance   | 0.00352      |
|    learning_rate        | 0.0003       |
|    loss                 | 1.53e+06     |
|    n_updates            | 40           |
|    policy_gradient_loss | -0.00133     |
|    std                  | 1            |
|    value_loss           | 3.19e+06     |
------------------------------------------
------------------------------------------
| time/                   |              |
|    fps                  | 201          |
|    iterations           | 6            |
|    time_elapsed         | 121          |
|    total_timesteps      | 24576        |
| train/                  |              |
|    approx_kl            | 0.0003597919 |
|    clip_fraction        | 0            |
|    clip_range           | 0.2          |
|    entropy_loss         | -2.84        |
|    explained_variance   | 0.00578      |
|    learning_rate        | 0.0003       |
|    loss                 | 1.3e+06      |
|    n_updates            | 50           |
|    policy_gradient_loss | -0.000906    |
|    std                  | 1            |
|    value_loss           | 2.52e+06     |
------------------------------------------
-------------------------------------------
| time/                   |               |
|    fps                  | 202           |
|    iterations           | 7             |
|    time_elapsed         | 141           |
|    total_timesteps      | 28672         |
| train/                  |               |
|    approx_kl            | 0.00020174033 |
|    clip_fraction        | 0             |
|    clip_range           | 0.2           |
|    entropy_loss         | -2.84         |
|    explained_variance   | 0.00225       |
|    learning_rate        | 0.0003        |
|    loss                 | 1.94e+06      |
|    n_updates            | 60            |
|    policy_gradient_loss | -0.000449     |
|    std                  | 1             |
|    value_loss           | 3.66e+06      |
-------------------------------------------
-------------------------------------------
| time/                   |               |
|    fps                  | 203           |
|    iterations           | 8             |
|    time_elapsed         | 161           |
|    total_timesteps      | 32768         |
| train/                  |               |
|    approx_kl            | 0.00066703913 |
|    clip_fraction        | 0             |
|    clip_range           | 0.2           |
|    entropy_loss         | -2.84         |
|    explained_variance   | 0.00108       |
|    learning_rate        | 0.0003        |
|    loss                 | 9.27e+05      |
|    n_updates            | 70            |
|    policy_gradient_loss | -0.00101      |
|    std                  | 1             |
|    value_loss           | 1.81e+06      |
-------------------------------------------
-------------------------------------------
| time/                   |               |
|    fps                  | 204           |
|    iterations           | 9             |
|    time_elapsed         | 180           |
|    total_timesteps      | 36864         |
| train/                  |               |
|    approx_kl            | 0.00033673452 |
|    clip_fraction        | 0             |
|    clip_range           | 0.2           |
|    entropy_loss         | -2.84         |
|    explained_variance   | 0.00149       |
|    learning_rate        | 0.0003        |
|    loss                 | 1.51e+06      |
|    n_updates            | 80            |
|    policy_gradient_loss | -0.000922     |
|    std                  | 0.999         |
|    value_loss           | 2.9e+06       |
-------------------------------------------
-----------------------------------------
| time/                   |             |
|    fps                  | 204         |
|    iterations           | 10          |
|    time_elapsed         | 200         |
|    total_timesteps      | 40960       |
| train/                  |             |
|    approx_kl            | 0.000350939 |
|    clip_fraction        | 0           |
|    clip_range           | 0.2         |
|    entropy_loss         | -2.84       |
|    explained_variance   | 0.00224     |
|    learning_rate        | 0.0003      |
|    loss                 | 1.06e+06    |
|    n_updates            | 90          |
|    policy_gradient_loss | -0.000679   |
|    std                  | 1           |
|    value_loss           | 2.12e+06    |
-----------------------------------------
-------------------------------------------
| time/                   |               |
|    fps                  | 204           |
|    iterations           | 11            |
|    time_elapsed         | 220           |
|    total_timesteps      | 45056         |
| train/                  |               |
|    approx_kl            | 0.00012815619 |
|    clip_fraction        | 0             |
|    clip_range           | 0.2           |
|    entropy_loss         | -2.84         |
|    explained_variance   | 0.000769      |
|    learning_rate        | 0.0003        |
|    loss                 | 1.83e+06      |
|    n_updates            | 100           |
|    policy_gradient_loss | -0.000425     |
|    std                  | 0.999         |
|    value_loss           | 3.82e+06      |
-------------------------------------------
-------------------------------------------
| time/                   |               |
|    fps                  | 204           |
|    iterations           | 12            |
|    time_elapsed         | 240           |
|    total_timesteps      | 49152         |
| train/                  |               |
|    approx_kl            | 0.00040211424 |
|    clip_fraction        | 0             |
|    clip_range           | 0.2           |
|    entropy_loss         | -2.84         |
|    explained_variance   | 0.00146       |
|    learning_rate        | 0.0003        |
|    loss                 | 1.67e+06      |
|    n_updates            | 110           |
|    policy_gradient_loss | -0.00094      |
|    std                  | 1             |
|    value_loss           | 2.83e+06      |
-------------------------------------------
-------------------------------------------
| time/                   |               |
|    fps                  | 204           |
|    iterations           | 13            |
|    time_elapsed         | 260           |
|    total_timesteps      | 53248         |
| train/                  |               |
|    approx_kl            | 0.00064035546 |
|    clip_fraction        | 0             |
|    clip_range           | 0.2           |
|    entropy_loss         | -2.84         |
|    explained_variance   | 0.00122       |
|    learning_rate        | 0.0003        |
|    loss                 | 1.11e+06      |
|    n_updates            | 120           |
|    policy_gradient_loss | -0.0011       |
|    std                  | 0.999         |
|    value_loss           | 2.24e+06      |
-------------------------------------------
-------------------------------------------
| time/                   |               |
|    fps                  | 204           |
|    iterations           | 14            |
|    time_elapsed         | 280           |
|    total_timesteps      | 57344         |
| train/                  |               |
|    approx_kl            | 0.00015161128 |
|    clip_fraction        | 0             |
|    clip_range           | 0.2           |
|    entropy_loss         | -2.84         |
|    explained_variance   | 0.000568      |
|    learning_rate        | 0.0003        |
|    loss                 | 1.06e+06      |
|    n_updates            | 130           |
|    policy_gradient_loss | -0.000641     |
|    std                  | 1             |
|    value_loss           | 2.35e+06      |
-------------------------------------------
-------------------------------------------
| time/                   |               |
|    fps                  | 204           |
|    iterations           | 15            |
|    time_elapsed         | 300           |
|    total_timesteps      | 61440         |
| train/                  |               |
|    approx_kl            | 0.00045335712 |
|    clip_fraction        | 0             |
|    clip_range           | 0.2           |
|    entropy_loss         | -2.84         |
|    explained_variance   | 0.000467      |
|    learning_rate        | 0.0003        |
|    loss                 | 2.16e+06      |
|    n_updates            | 140           |
|    policy_gradient_loss | -0.000732     |
|    std                  | 1             |
|    value_loss           | 3.67e+06      |
-------------------------------------------
-------------------------------------------
| time/                   |               |
|    fps                  | 204           |
|    iterations           | 16            |
|    time_elapsed         | 320           |
|    total_timesteps      | 65536         |
| train/                  |               |
|    approx_kl            | 0.00018506486 |
|    clip_fraction        | 0             |
|    clip_range           | 0.2           |
|    entropy_loss         | -2.84         |
|    explained_variance   | 0.00039       |
|    learning_rate        | 0.0003        |
|    loss                 | 1.72e+06      |
|    n_updates            | 150           |
|    policy_gradient_loss | -0.000521     |
|    std                  | 1             |
|    value_loss           | 3.27e+06      |
-------------------------------------------
-------------------------------------------
| time/                   |               |
|    fps                  | 205           |
|    iterations           | 17            |
|    time_elapsed         | 339           |
|    total_timesteps      | 69632         |
| train/                  |               |
|    approx_kl            | 0.00039462978 |
|    clip_fraction        | 2.44e-05      |
|    clip_range           | 0.2           |
|    entropy_loss         | -2.84         |
|    explained_variance   | 0.00025       |
|    learning_rate        | 0.0003        |
|    loss                 | 1.54e+06      |
|    n_updates            | 160           |
|    policy_gradient_loss | -0.000721     |
|    std                  | 1             |
|    value_loss           | 3.18e+06      |
-------------------------------------------
------------------------------------------
| time/                   |              |
|    fps                  | 206          |
|    iterations           | 18           |
|    time_elapsed         | 356          |
|    total_timesteps      | 73728        |
| train/                  |              |
|    approx_kl            | 0.0009408454 |
|    clip_fraction        | 0.000195     |
|    clip_range           | 0.2          |
|    entropy_loss         | -2.84        |
|    explained_variance   | 0.000251     |
|    learning_rate        | 0.0003       |
|    loss                 | 1.18e+06     |
|    n_updates            | 170          |
|    policy_gradient_loss | -0.00121     |
|    std                  | 1            |
|    value_loss           | 2.32e+06     |
------------------------------------------
-------------------------------------------
| time/                   |               |
|    fps                  | 206           |
|    iterations           | 19            |
|    time_elapsed         | 376           |
|    total_timesteps      | 77824         |
| train/                  |               |
|    approx_kl            | 0.00033911553 |
|    clip_fraction        | 0             |
|    clip_range           | 0.2           |
|    entropy_loss         | -2.84         |
|    explained_variance   | 6.98e-05      |
|    learning_rate        | 0.0003        |
|    loss                 | 2.23e+06      |
|    n_updates            | 180           |
|    policy_gradient_loss | -0.000613     |
|    std                  | 1             |
|    value_loss           | 4.79e+06      |
-------------------------------------------
------------------------------------------
| time/                   |              |
|    fps                  | 206          |
|    iterations           | 20           |
|    time_elapsed         | 395          |
|    total_timesteps      | 81920        |
| train/                  |              |
|    approx_kl            | 0.0011328021 |
|    clip_fraction        | 0.000195     |
|    clip_range           | 0.2          |
|    entropy_loss         | -2.84        |
|    explained_variance   | 0.00021      |
|    learning_rate        | 0.0003       |
|    loss                 | 1.76e+06     |
|    n_updates            | 190          |
|    policy_gradient_loss | -0.00162     |
|    std                  | 1            |
|    value_loss           | 3.05e+06     |
------------------------------------------
------------------------------------------
| time/                   |              |
|    fps                  | 206          |
|    iterations           | 21           |
|    time_elapsed         | 415          |
|    total_timesteps      | 86016        |
| train/                  |              |
|    approx_kl            | 0.0001136989 |
|    clip_fraction        | 0            |
|    clip_range           | 0.2          |
|    entropy_loss         | -2.85        |
|    explained_variance   | 8.62e-05     |
|    learning_rate        | 0.0003       |
|    loss                 | 1.38e+06     |
|    n_updates            | 200          |
|    policy_gradient_loss | -0.000472    |
|    std                  | 1            |
|    value_loss           | 2.93e+06     |
------------------------------------------
------------------------------------------
| time/                   |              |
|    fps                  | 206          |
|    iterations           | 22           |
|    time_elapsed         | 435          |
|    total_timesteps      | 90112        |
| train/                  |              |
|    approx_kl            | 0.0003081731 |
|    clip_fraction        | 0            |
|    clip_range           | 0.2          |
|    entropy_loss         | -2.84        |
|    explained_variance   | 0.000174     |
|    learning_rate        | 0.0003       |
|    loss                 | 1.42e+06     |
|    n_updates            | 210          |
|    policy_gradient_loss | -0.000627    |
|    std                  | 1            |
|    value_loss           | 2.64e+06     |
------------------------------------------
-------------------------------------------
| time/                   |               |
|    fps                  | 206           |
|    iterations           | 23            |
|    time_elapsed         | 455           |
|    total_timesteps      | 94208         |
| train/                  |               |
|    approx_kl            | 0.00021130011 |
|    clip_fraction        | 0             |
|    clip_range           | 0.2           |
|    entropy_loss         | -2.84         |
|    explained_variance   | 0.000107      |
|    learning_rate        | 0.0003        |
|    loss                 | 1.23e+06      |
|    n_updates            | 220           |
|    policy_gradient_loss | -0.000591     |
|    std                  | 1             |
|    value_loss           | 2.97e+06      |
-------------------------------------------
-------------------------------------------
| time/                   |               |
|    fps                  | 207           |
|    iterations           | 24            |
|    time_elapsed         | 473           |
|    total_timesteps      | 98304         |
| train/                  |               |
|    approx_kl            | 0.00044656137 |
|    clip_fraction        | 0             |
|    clip_range           | 0.2           |
|    entropy_loss         | -2.84         |
|    explained_variance   | 0.000111      |
|    learning_rate        | 0.0003        |
|    loss                 | 1.05e+06      |
|    n_updates            | 230           |
|    policy_gradient_loss | -0.000862     |
|    std                  | 1             |
|    value_loss           | 2.21e+06      |
-------------------------------------------
-------------------------------------------
| time/                   |               |
|    fps                  | 208           |
|    iterations           | 25            |
|    time_elapsed         | 492           |
|    total_timesteps      | 102400        |
| train/                  |               |
|    approx_kl            | 0.00038958405 |
|    clip_fraction        | 0             |
|    clip_range           | 0.2           |
|    entropy_loss         | -2.84         |
|    explained_variance   | 4.4e-05       |
|    learning_rate        | 0.0003        |
|    loss                 | 1.79e+06      |
|    n_updates            | 240           |
|    policy_gradient_loss | -0.000886     |
|    std                  | 1             |
|    value_loss           | 3.71e+06      |
-------------------------------------------
-------------------------------------------
| time/                   |               |
|    fps                  | 208           |
|    iterations           | 26            |
|    time_elapsed         | 511           |
|    total_timesteps      | 106496        |
| train/                  |               |
|    approx_kl            | 0.00076951133 |
|    clip_fraction        | 4.88e-05      |
|    clip_range           | 0.2           |
|    entropy_loss         | -2.84         |
|    explained_variance   | 0.00013       |
|    learning_rate        | 0.0003        |
|    loss                 | 7.58e+05      |
|    n_updates            | 250           |
|    policy_gradient_loss | -0.000956     |
|    std                  | 1             |
|    value_loss           | 1.48e+06      |
-------------------------------------------
-------------------------------------------
| time/                   |               |
|    fps                  | 208           |
|    iterations           | 27            |
|    time_elapsed         | 530           |
|    total_timesteps      | 110592        |
| train/                  |               |
|    approx_kl            | 0.00030382833 |
|    clip_fraction        | 0             |
|    clip_range           | 0.2           |
|    entropy_loss         | -2.84         |
|    explained_variance   | 4.47e-05      |
|    learning_rate        | 0.0003        |
|    loss                 | 1.73e+06      |
|    n_updates            | 260           |
|    policy_gradient_loss | -0.000962     |
|    std                  | 0.999         |
|    value_loss           | 3.56e+06      |
-------------------------------------------
-------------------------------------------
| time/                   |               |
|    fps                  | 209           |
|    iterations           | 28            |
|    time_elapsed         | 548           |
|    total_timesteps      | 114688        |
| train/                  |               |
|    approx_kl            | 0.00036345114 |
|    clip_fraction        | 0             |
|    clip_range           | 0.2           |
|    entropy_loss         | -2.84         |
|    explained_variance   | 6.91e-05      |
|    learning_rate        | 0.0003        |
|    loss                 | 9.27e+05      |
|    n_updates            | 270           |
|    policy_gradient_loss | -0.00075      |
|    std                  | 1             |
|    value_loss           | 1.83e+06      |
-------------------------------------------
-------------------------------------------
| time/                   |               |
|    fps                  | 209           |
|    iterations           | 29            |
|    time_elapsed         | 567           |
|    total_timesteps      | 118784        |
| train/                  |               |
|    approx_kl            | 0.00023657408 |
|    clip_fraction        | 0             |
|    clip_range           | 0.2           |
|    entropy_loss         | -2.84         |
|    explained_variance   | 0.000124      |
|    learning_rate        | 0.0003        |
|    loss                 | 1.11e+06      |
|    n_updates            | 280           |
|    policy_gradient_loss | -0.000665     |
|    std                  | 1             |
|    value_loss           | 2.28e+06      |
-------------------------------------------
------------------------------------------
| time/                   |              |
|    fps                  | 209          |
|    iterations           | 30           |
|    time_elapsed         | 586          |
|    total_timesteps      | 122880       |
| train/                  |              |
|    approx_kl            | 0.0008851283 |
|    clip_fraction        | 2.44e-05     |
|    clip_range           | 0.2          |
|    entropy_loss         | -2.84        |
|    explained_variance   | 3.99e-05     |
|    learning_rate        | 0.0003       |
|    loss                 | 1.18e+06     |
|    n_updates            | 290          |
|    policy_gradient_loss | -0.00134     |
|    std                  | 1            |
|    value_loss           | 2.08e+06     |
------------------------------------------
-------------------------------------------
| time/                   |               |
|    fps                  | 209           |
|    iterations           | 31            |
|    time_elapsed         | 605           |
|    total_timesteps      | 126976        |
| train/                  |               |
|    approx_kl            | 0.00077377394 |
|    clip_fraction        | 0             |
|    clip_range           | 0.2           |
|    entropy_loss         | -2.84         |
|    explained_variance   | 4.32e-05      |
|    learning_rate        | 0.0003        |
|    loss                 | 1.46e+06      |
|    n_updates            | 300           |
|    policy_gradient_loss | -0.00117      |
|    std                  | 1             |
|    value_loss           | 3.29e+06      |
-------------------------------------------
------------------------------------------
| time/                   |              |
|    fps                  | 209          |
|    iterations           | 32           |
|    time_elapsed         | 625          |
|    total_timesteps      | 131072       |
| train/                  |              |
|    approx_kl            | 0.0009186475 |
|    clip_fraction        | 4.88e-05     |
|    clip_range           | 0.2          |
|    entropy_loss         | -2.84        |
|    explained_variance   | 2.43e-05     |
|    learning_rate        | 0.0003       |
|    loss                 | 1.07e+06     |
|    n_updates            | 310          |
|    policy_gradient_loss | -0.00122     |
|    std                  | 0.999        |
|    value_loss           | 2.57e+06     |
------------------------------------------
------------------------------------------
| time/                   |              |
|    fps                  | 209          |
|    iterations           | 33           |
|    time_elapsed         | 644          |
|    total_timesteps      | 135168       |
| train/                  |              |
|    approx_kl            | 0.0004080636 |
|    clip_fraction        | 4.88e-05     |
|    clip_range           | 0.2          |
|    entropy_loss         | -2.83        |
|    explained_variance   | 2.79e-05     |
|    learning_rate        | 0.0003       |
|    loss                 | 7.26e+05     |
|    n_updates            | 320          |
|    policy_gradient_loss | -0.00128     |
|    std                  | 0.995        |
|    value_loss           | 1.39e+06     |
------------------------------------------
-----------------------------------------
| time/                   |             |
|    fps                  | 209         |
|    iterations           | 34          |
|    time_elapsed         | 664         |
|    total_timesteps      | 139264      |
| train/                  |             |
|    approx_kl            | 0.000649561 |
|    clip_fraction        | 0           |
|    clip_range           | 0.2         |
|    entropy_loss         | -2.83       |
|    explained_variance   | 5.38e-05    |
|    learning_rate        | 0.0003      |
|    loss                 | 1.1e+06     |
|    n_updates            | 330         |
|    policy_gradient_loss | -0.00115    |
|    std                  | 0.993       |
|    value_loss           | 2.36e+06    |
-----------------------------------------
------------------------------------------
| time/                   |              |
|    fps                  | 209          |
|    iterations           | 35           |
|    time_elapsed         | 684          |
|    total_timesteps      | 143360       |
| train/                  |              |
|    approx_kl            | 0.0005135155 |
|    clip_fraction        | 0            |
|    clip_range           | 0.2          |
|    entropy_loss         | -2.82        |
|    explained_variance   | 2.51e-05     |
|    learning_rate        | 0.0003       |
|    loss                 | 1.95e+06     |
|    n_updates            | 340          |
|    policy_gradient_loss | -0.00104     |
|    std                  | 0.993        |
|    value_loss           | 3.84e+06     |
------------------------------------------
-----------------------------------------
| time/                   |             |
|    fps                  | 209         |
|    iterations           | 36          |
|    time_elapsed         | 704         |
|    total_timesteps      | 147456      |
| train/                  |             |
|    approx_kl            | 0.000134671 |
|    clip_fraction        | 0           |
|    clip_range           | 0.2         |
|    entropy_loss         | -2.82       |
|    explained_variance   | 2.83e-05    |
|    learning_rate        | 0.0003      |
|    loss                 | 1.5e+06     |
|    n_updates            | 350         |
|    policy_gradient_loss | -0.000305   |
|    std                  | 0.992       |
|    value_loss           | 3.17e+06    |
-----------------------------------------
-------------------------------------------
| time/                   |               |
|    fps                  | 209           |
|    iterations           | 37            |
|    time_elapsed         | 724           |
|    total_timesteps      | 151552        |
| train/                  |               |
|    approx_kl            | 0.00036160758 |
|    clip_fraction        | 4.88e-05      |
|    clip_range           | 0.2           |
|    entropy_loss         | -2.82         |
|    explained_variance   | 1.85e-05      |
|    learning_rate        | 0.0003        |
|    loss                 | 2.65e+06      |
|    n_updates            | 360           |
|    policy_gradient_loss | -0.000764     |
|    std                  | 0.993         |
|    value_loss           | 5.45e+06      |
-------------------------------------------
-------------------------------------------
| time/                   |               |
|    fps                  | 209           |
|    iterations           | 38            |
|    time_elapsed         | 743           |
|    total_timesteps      | 155648        |
| train/                  |               |
|    approx_kl            | 0.00071742764 |
|    clip_fraction        | 4.88e-05      |
|    clip_range           | 0.2           |
|    entropy_loss         | -2.82         |
|    explained_variance   | 1.87e-05      |
|    learning_rate        | 0.0003        |
|    loss                 | 1.42e+06      |
|    n_updates            | 370           |
|    policy_gradient_loss | -0.00117      |
|    std                  | 0.993         |
|    value_loss           | 3.5e+06       |
-------------------------------------------
------------------------------------------
| time/                   |              |
|    fps                  | 209          |
|    iterations           | 39           |
|    time_elapsed         | 763          |
|    total_timesteps      | 159744       |
| train/                  |              |
|    approx_kl            | 0.0004153038 |
|    clip_fraction        | 0            |
|    clip_range           | 0.2          |
|    entropy_loss         | -2.82        |
|    explained_variance   | 1.59e-05     |
|    learning_rate        | 0.0003       |
|    loss                 | 1.87e+06     |
|    n_updates            | 380          |
|    policy_gradient_loss | -0.000717    |
|    std                  | 0.991        |
|    value_loss           | 4.04e+06     |
------------------------------------------
------------------------------------------
| time/                   |              |
|    fps                  | 208          |
|    iterations           | 40           |
|    time_elapsed         | 784          |
|    total_timesteps      | 163840       |
| train/                  |              |
|    approx_kl            | 0.0003028398 |
|    clip_fraction        | 0            |
|    clip_range           | 0.2          |
|    entropy_loss         | -2.82        |
|    explained_variance   | 3.68e-05     |
|    learning_rate        | 0.0003       |
|    loss                 | 1.32e+06     |
|    n_updates            | 390          |
|    policy_gradient_loss | -0.000636    |
|    std                  | 0.99         |
|    value_loss           | 2.72e+06     |
------------------------------------------
------------------------------------------
| time/                   |              |
|    fps                  | 208          |
|    iterations           | 41           |
|    time_elapsed         | 805          |
|    total_timesteps      | 167936       |
| train/                  |              |
|    approx_kl            | 0.0007391294 |
|    clip_fraction        | 7.32e-05     |
|    clip_range           | 0.2          |
|    entropy_loss         | -2.82        |
|    explained_variance   | 1.7e-05      |
|    learning_rate        | 0.0003       |
|    loss                 | 9.71e+05     |
|    n_updates            | 400          |
|    policy_gradient_loss | -0.00117     |
|    std                  | 0.988        |
|    value_loss           | 2.39e+06     |
------------------------------------------
------------------------------------------
| time/                   |              |
|    fps                  | 208          |
|    iterations           | 42           |
|    time_elapsed         | 825          |
|    total_timesteps      | 172032       |
| train/                  |              |
|    approx_kl            | 0.0001086423 |
|    clip_fraction        | 0            |
|    clip_range           | 0.2          |
|    entropy_loss         | -2.81        |
|    explained_variance   | 1.34e-05     |
|    learning_rate        | 0.0003       |
|    loss                 | 1.42e+06     |
|    n_updates            | 410          |
|    policy_gradient_loss | -0.000423    |
|    std                  | 0.987        |
|    value_loss           | 3.23e+06     |
------------------------------------------
-------------------------------------------
| time/                   |               |
|    fps                  | 208           |
|    iterations           | 43            |
|    time_elapsed         | 844           |
|    total_timesteps      | 176128        |
| train/                  |               |
|    approx_kl            | 0.00067710725 |
|    clip_fraction        | 2.44e-05      |
|    clip_range           | 0.2           |
|    entropy_loss         | -2.81         |
|    explained_variance   | 1.44e-05      |
|    learning_rate        | 0.0003        |
|    loss                 | 2.12e+06      |
|    n_updates            | 420           |
|    policy_gradient_loss | -0.00102      |
|    std                  | 0.987         |
|    value_loss           | 4.1e+06       |
-------------------------------------------
------------------------------------------
| time/                   |              |
|    fps                  | 208          |
|    iterations           | 44           |
|    time_elapsed         | 865          |
|    total_timesteps      | 180224       |
| train/                  |              |
|    approx_kl            | 0.0007104026 |
|    clip_fraction        | 0            |
|    clip_range           | 0.2          |
|    entropy_loss         | -2.81        |
|    explained_variance   | 1.57e-05     |
|    learning_rate        | 0.0003       |
|    loss                 | 1.64e+06     |
|    n_updates            | 430          |
|    policy_gradient_loss | -0.00103     |
|    std                  | 0.986        |
|    value_loss           | 2.92e+06     |
------------------------------------------
------------------------------------------
| time/                   |              |
|    fps                  | 207          |
|    iterations           | 45           |
|    time_elapsed         | 886          |
|    total_timesteps      | 184320       |
| train/                  |              |
|    approx_kl            | 0.0003978083 |
|    clip_fraction        | 0            |
|    clip_range           | 0.2          |
|    entropy_loss         | -2.81        |
|    explained_variance   | 2.29e-05     |
|    learning_rate        | 0.0003       |
|    loss                 | 1.1e+06      |
|    n_updates            | 440          |
|    policy_gradient_loss | -0.00104     |
|    std                  | 0.987        |
|    value_loss           | 2.43e+06     |
------------------------------------------
------------------------------------------
| time/                   |              |
|    fps                  | 207          |
|    iterations           | 46           |
|    time_elapsed         | 906          |
|    total_timesteps      | 188416       |
| train/                  |              |
|    approx_kl            | 8.178338e-05 |
|    clip_fraction        | 0            |
|    clip_range           | 0.2          |
|    entropy_loss         | -2.81        |
|    explained_variance   | 1.78e-05     |
|    learning_rate        | 0.0003       |
|    loss                 | 1.95e+06     |
|    n_updates            | 450          |
|    policy_gradient_loss | -0.000438    |
|    std                  | 0.986        |
|    value_loss           | 4.27e+06     |
------------------------------------------
-------------------------------------------
| time/                   |               |
|    fps                  | 207           |
|    iterations           | 47            |
|    time_elapsed         | 927           |
|    total_timesteps      | 192512        |
| train/                  |               |
|    approx_kl            | 0.00033337655 |
|    clip_fraction        | 0             |
|    clip_range           | 0.2           |
|    entropy_loss         | -2.81         |
|    explained_variance   | 1.76e-05      |
|    learning_rate        | 0.0003        |
|    loss                 | 1.51e+06      |
|    n_updates            | 460           |
|    policy_gradient_loss | -0.000726     |
|    std                  | 0.985         |
|    value_loss           | 2.87e+06      |
-------------------------------------------
-------------------------------------------
| time/                   |               |
|    fps                  | 207           |
|    iterations           | 48            |
|    time_elapsed         | 947           |
|    total_timesteps      | 196608        |
| train/                  |               |
|    approx_kl            | 0.00081617065 |
|    clip_fraction        | 2.44e-05      |
|    clip_range           | 0.2           |
|    entropy_loss         | -2.81         |
|    explained_variance   | 1.34e-05      |
|    learning_rate        | 0.0003        |
|    loss                 | 1.52e+06      |
|    n_updates            | 470           |
|    policy_gradient_loss | -0.00116      |
|    std                  | 0.986         |
|    value_loss           | 2.69e+06      |
-------------------------------------------
-------------------------------------------
| time/                   |               |
|    fps                  | 207           |
|    iterations           | 49            |
|    time_elapsed         | 967           |
|    total_timesteps      | 200704        |
| train/                  |               |
|    approx_kl            | 0.00051883206 |
|    clip_fraction        | 0             |
|    clip_range           | 0.2           |
|    entropy_loss         | -2.81         |
|    explained_variance   | 1.17e-05      |
|    learning_rate        | 0.0003        |
|    loss                 | 1.04e+06      |
|    n_updates            | 480           |
|    policy_gradient_loss | -0.000823     |
|    std                  | 0.985         |
|    value_loss           | 2.38e+06      |
-------------------------------------------
------------------------------------------
| time/                   |              |
|    fps                  | 207          |
|    iterations           | 50           |
|    time_elapsed         | 988          |
|    total_timesteps      | 204800       |
| train/                  |              |
|    approx_kl            | 0.0013490437 |
|    clip_fraction        | 0.000586     |
|    clip_range           | 0.2          |
|    entropy_loss         | -2.81        |
|    explained_variance   | 2.06e-05     |
|    learning_rate        | 0.0003       |
|    loss                 | 1.95e+06     |
|    n_updates            | 490          |
|    policy_gradient_loss | -0.00159     |
|    std                  | 0.986        |
|    value_loss           | 3.6e+06      |
------------------------------------------
-----------------------------------------
| time/                   |             |
|    fps                  | 206         |
|    iterations           | 51          |
|    time_elapsed         | 1009        |
|    total_timesteps      | 208896      |
| train/                  |             |
|    approx_kl            | 0.000469815 |
|    clip_fraction        | 0           |
|    clip_range           | 0.2         |
|    entropy_loss         | -2.81       |
|    explained_variance   | 1.94e-05    |
|    learning_rate        | 0.0003      |
|    loss                 | 9.58e+05    |
|    n_updates            | 500         |
|    policy_gradient_loss | -0.000774   |
|    std                  | 0.987       |
|    value_loss           | 2.33e+06    |
-----------------------------------------
------------------------------------------
| time/                   |              |
|    fps                  | 206          |
|    iterations           | 52           |
|    time_elapsed         | 1029         |
|    total_timesteps      | 212992       |
| train/                  |              |
|    approx_kl            | 0.0010356337 |
|    clip_fraction        | 0.000171     |
|    clip_range           | 0.2          |
|    entropy_loss         | -2.81        |
|    explained_variance   | 8.34e-06     |
|    learning_rate        | 0.0003       |
|    loss                 | 2.01e+06     |
|    n_updates            | 510          |
|    policy_gradient_loss | -0.00152     |
|    std                  | 0.987        |
|    value_loss           | 4.06e+06     |
------------------------------------------
------------------------------------------
| time/                   |              |
|    fps                  | 206          |
|    iterations           | 53           |
|    time_elapsed         | 1049         |
|    total_timesteps      | 217088       |
| train/                  |              |
|    approx_kl            | 0.0009647888 |
|    clip_fraction        | 0.000146     |
|    clip_range           | 0.2          |
|    entropy_loss         | -2.81        |
|    explained_variance   | 1.34e-05     |
|    learning_rate        | 0.0003       |
|    loss                 | 6.92e+05     |
|    n_updates            | 520          |
|    policy_gradient_loss | -0.00131     |
|    std                  | 0.987        |
|    value_loss           | 1.55e+06     |
------------------------------------------
-------------------------------------------
| time/                   |               |
|    fps                  | 206           |
|    iterations           | 54            |
|    time_elapsed         | 1070          |
|    total_timesteps      | 221184        |
| train/                  |               |
|    approx_kl            | 0.00050042145 |
|    clip_fraction        | 4.88e-05      |
|    clip_range           | 0.2           |
|    entropy_loss         | -2.81         |
|    explained_variance   | 2.02e-05      |
|    learning_rate        | 0.0003        |
|    loss                 | 7.58e+05      |
|    n_updates            | 530           |
|    policy_gradient_loss | -0.000863     |
|    std                  | 0.987         |
|    value_loss           | 1.47e+06      |
-------------------------------------------
-------------------------------------------
| time/                   |               |
|    fps                  | 206           |
|    iterations           | 55            |
|    time_elapsed         | 1090          |
|    total_timesteps      | 225280        |
| train/                  |               |
|    approx_kl            | 0.00014379014 |
|    clip_fraction        | 0             |
|    clip_range           | 0.2           |
|    entropy_loss         | -2.81         |
|    explained_variance   | 5.84e-06      |
|    learning_rate        | 0.0003        |
|    loss                 | 2.11e+06      |
|    n_updates            | 540           |
|    policy_gradient_loss | -0.000549     |
|    std                  | 0.989         |
|    value_loss           | 3.89e+06      |
-------------------------------------------
-------------------------------------------
| time/                   |               |
|    fps                  | 206           |
|    iterations           | 56            |
|    time_elapsed         | 1110          |
|    total_timesteps      | 229376        |
| train/                  |               |
|    approx_kl            | 0.00028528454 |
|    clip_fraction        | 0             |
|    clip_range           | 0.2           |
|    entropy_loss         | -2.82         |
|    explained_variance   | 7.45e-06      |
|    learning_rate        | 0.0003        |
|    loss                 | 2.18e+06      |
|    n_updates            | 550           |
|    policy_gradient_loss | -0.000635     |
|    std                  | 0.989         |
|    value_loss           | 4.13e+06      |
-------------------------------------------
-------------------------------------------
| time/                   |               |
|    fps                  | 206           |
|    iterations           | 57            |
|    time_elapsed         | 1129          |
|    total_timesteps      | 233472        |
| train/                  |               |
|    approx_kl            | 0.00083385024 |
|    clip_fraction        | 9.77e-05      |
|    clip_range           | 0.2           |
|    entropy_loss         | -2.81         |
|    explained_variance   | 1.62e-05      |
|    learning_rate        | 0.0003        |
|    loss                 | 5.97e+05      |
|    n_updates            | 560           |
|    policy_gradient_loss | -0.00125      |
|    std                  | 0.988         |
|    value_loss           | 1.12e+06      |
-------------------------------------------
-------------------------------------------
| time/                   |               |
|    fps                  | 206           |
|    iterations           | 58            |
|    time_elapsed         | 1149          |
|    total_timesteps      | 237568        |
| train/                  |               |
|    approx_kl            | 0.00028467344 |
|    clip_fraction        | 0             |
|    clip_range           | 0.2           |
|    entropy_loss         | -2.81         |
|    explained_variance   | 6.85e-06      |
|    learning_rate        | 0.0003        |
|    loss                 | 1.09e+06      |
|    n_updates            | 570           |
|    policy_gradient_loss | -0.000782     |
|    std                  | 0.989         |
|    value_loss           | 2.17e+06      |
-------------------------------------------
-------------------------------------------
| time/                   |               |
|    fps                  | 206           |
|    iterations           | 59            |
|    time_elapsed         | 1171          |
|    total_timesteps      | 241664        |
| train/                  |               |
|    approx_kl            | 0.00014510758 |
|    clip_fraction        | 0             |
|    clip_range           | 0.2           |
|    entropy_loss         | -2.82         |
|    explained_variance   | 7.33e-06      |
|    learning_rate        | 0.0003        |
|    loss                 | 1.58e+06      |
|    n_updates            | 580           |
|    policy_gradient_loss | -0.000607     |
|    std                  | 0.989         |
|    value_loss           | 3.04e+06      |
-------------------------------------------
------------------------------------------
| time/                   |              |
|    fps                  | 206          |
|    iterations           | 60           |
|    time_elapsed         | 1192         |
|    total_timesteps      | 245760       |
| train/                  |              |
|    approx_kl            | 0.0006455509 |
|    clip_fraction        | 0            |
|    clip_range           | 0.2          |
|    entropy_loss         | -2.81        |
|    explained_variance   | 5.9e-06      |
|    learning_rate        | 0.0003       |
|    loss                 | 1.38e+06     |
|    n_updates            | 590          |
|    policy_gradient_loss | -0.000938    |
|    std                  | 0.989        |
|    value_loss           | 3.04e+06     |
------------------------------------------
------------------------------------------
| time/                   |              |
|    fps                  | 205          |
|    iterations           | 61           |
|    time_elapsed         | 1213         |
|    total_timesteps      | 249856       |
| train/                  |              |
|    approx_kl            | 0.0013508338 |
|    clip_fraction        | 0.000269     |
|    clip_range           | 0.2          |
|    entropy_loss         | -2.81        |
|    explained_variance   | 8.94e-06     |
|    learning_rate        | 0.0003       |
|    loss                 | 9.57e+05     |
|    n_updates            | 600          |
|    policy_gradient_loss | -0.0015      |
|    std                  | 0.988        |
|    value_loss           | 1.78e+06     |
------------------------------------------
------------------------------------------
| time/                   |              |
|    fps                  | 205          |
|    iterations           | 62           |
|    time_elapsed         | 1233         |
|    total_timesteps      | 253952       |
| train/                  |              |
|    approx_kl            | 0.0003507175 |
|    clip_fraction        | 0            |
|    clip_range           | 0.2          |
|    entropy_loss         | -2.81        |
|    explained_variance   | 1.03e-05     |
|    learning_rate        | 0.0003       |
|    loss                 | 1.46e+06     |
|    n_updates            | 610          |
|    policy_gradient_loss | -0.000512    |
|    std                  | 0.988        |
|    value_loss           | 2.97e+06     |
------------------------------------------
------------------------------------------
| time/                   |              |
|    fps                  | 205          |
|    iterations           | 63           |
|    time_elapsed         | 1253         |
|    total_timesteps      | 258048       |
| train/                  |              |
|    approx_kl            | 0.0001075694 |
|    clip_fraction        | 0            |
|    clip_range           | 0.2          |
|    entropy_loss         | -2.82        |
|    explained_variance   | 5.66e-06     |
|    learning_rate        | 0.0003       |
|    loss                 | 1.72e+06     |
|    n_updates            | 620          |
|    policy_gradient_loss | -0.000435    |
|    std                  | 0.99         |
|    value_loss           | 3.41e+06     |
------------------------------------------
------------------------------------------
| time/                   |              |
|    fps                  | 205          |
|    iterations           | 64           |
|    time_elapsed         | 1273         |
|    total_timesteps      | 262144       |
| train/                  |              |
|    approx_kl            | 0.0006035764 |
|    clip_fraction        | 0            |
|    clip_range           | 0.2          |
|    entropy_loss         | -2.82        |
|    explained_variance   | 7.75e-06     |
|    learning_rate        | 0.0003       |
|    loss                 | 7.17e+05     |
|    n_updates            | 630          |
|    policy_gradient_loss | -0.000852    |
|    std                  | 0.99         |
|    value_loss           | 1.34e+06     |
------------------------------------------
------------------------------------------
| time/                   |              |
|    fps                  | 205          |
|    iterations           | 65           |
|    time_elapsed         | 1293         |
|    total_timesteps      | 266240       |
| train/                  |              |
|    approx_kl            | 0.0004631892 |
|    clip_fraction        | 0            |
|    clip_range           | 0.2          |
|    entropy_loss         | -2.82        |
|    explained_variance   | 5.78e-06     |
|    learning_rate        | 0.0003       |
|    loss                 | 8.35e+05     |
|    n_updates            | 640          |
|    policy_gradient_loss | -0.000815    |
|    std                  | 0.991        |
|    value_loss           | 1.8e+06      |
------------------------------------------
------------------------------------------
| time/                   |              |
|    fps                  | 205          |
|    iterations           | 66           |
|    time_elapsed         | 1313         |
|    total_timesteps      | 270336       |
| train/                  |              |
|    approx_kl            | 0.0016847302 |
|    clip_fraction        | 0.00132      |
|    clip_range           | 0.2          |
|    entropy_loss         | -2.82        |
|    explained_variance   | 1.33e-05     |
|    learning_rate        | 0.0003       |
|    loss                 | 6.24e+05     |
|    n_updates            | 650          |
|    policy_gradient_loss | -0.00203     |
|    std                  | 0.994        |
|    value_loss           | 1.08e+06     |
------------------------------------------
------------------------------------------
| time/                   |              |
|    fps                  | 205          |
|    iterations           | 67           |
|    time_elapsed         | 1333         |
|    total_timesteps      | 274432       |
| train/                  |              |
|    approx_kl            | 0.0011695352 |
|    clip_fraction        | 0.000122     |
|    clip_range           | 0.2          |
|    entropy_loss         | -2.83        |
|    explained_variance   | 6.44e-06     |
|    learning_rate        | 0.0003       |
|    loss                 | 1.09e+06     |
|    n_updates            | 660          |
|    policy_gradient_loss | -0.00139     |
|    std                  | 0.993        |
|    value_loss           | 2.05e+06     |
------------------------------------------
-------------------------------------------
| time/                   |               |
|    fps                  | 205           |
|    iterations           | 68            |
|    time_elapsed         | 1353          |
|    total_timesteps      | 278528        |
| train/                  |               |
|    approx_kl            | 0.00021009638 |
|    clip_fraction        | 0             |
|    clip_range           | 0.2           |
|    entropy_loss         | -2.82         |
|    explained_variance   | 5.6e-06       |
|    learning_rate        | 0.0003        |
|    loss                 | 1.28e+06      |
|    n_updates            | 670           |
|    policy_gradient_loss | -0.000563     |
|    std                  | 0.994         |
|    value_loss           | 2.42e+06      |
-------------------------------------------
------------------------------------------
| time/                   |              |
|    fps                  | 205          |
|    iterations           | 69           |
|    time_elapsed         | 1373         |
|    total_timesteps      | 282624       |
| train/                  |              |
|    approx_kl            | 0.0028358204 |
|    clip_fraction        | 0.00444      |
|    clip_range           | 0.2          |
|    entropy_loss         | -2.82        |
|    explained_variance   | 8.17e-06     |
|    learning_rate        | 0.0003       |
|    loss                 | 2.66e+05     |
|    n_updates            | 680          |
|    policy_gradient_loss | -0.00181     |
|    std                  | 0.992        |
|    value_loss           | 4.86e+05     |
------------------------------------------
-------------------------------------------
| time/                   |               |
|    fps                  | 205           |
|    iterations           | 70            |
|    time_elapsed         | 1393          |
|    total_timesteps      | 286720        |
| train/                  |               |
|    approx_kl            | 0.00033750595 |
|    clip_fraction        | 0             |
|    clip_range           | 0.2           |
|    entropy_loss         | -2.82         |
|    explained_variance   | 3.46e-06      |
|    learning_rate        | 0.0003        |
|    loss                 | 1.02e+06      |
|    n_updates            | 690           |
|    policy_gradient_loss | -0.000698     |
|    std                  | 0.991         |
|    value_loss           | 2.22e+06      |
-------------------------------------------
-------------------------------------------
| time/                   |               |
|    fps                  | 205           |
|    iterations           | 71            |
|    time_elapsed         | 1413          |
|    total_timesteps      | 290816        |
| train/                  |               |
|    approx_kl            | 0.00019812646 |
|    clip_fraction        | 0             |
|    clip_range           | 0.2           |
|    entropy_loss         | -2.82         |
|    explained_variance   | 3.1e-06       |
|    learning_rate        | 0.0003        |
|    loss                 | 1.45e+06      |
|    n_updates            | 700           |
|    policy_gradient_loss | -0.00065      |
|    std                  | 0.99          |
|    value_loss           | 2.66e+06      |
-------------------------------------------
-------------------------------------------
| time/                   |               |
|    fps                  | 205           |
|    iterations           | 72            |
|    time_elapsed         | 1433          |
|    total_timesteps      | 294912        |
| train/                  |               |
|    approx_kl            | 0.00050026685 |
|    clip_fraction        | 0             |
|    clip_range           | 0.2           |
|    entropy_loss         | -2.82         |
|    explained_variance   | 2.86e-06      |
|    learning_rate        | 0.0003        |
|    loss                 | 1.7e+06       |
|    n_updates            | 710           |
|    policy_gradient_loss | -0.00104      |
|    std                  | 0.989         |
|    value_loss           | 3.01e+06      |
-------------------------------------------
------------------------------------------
| time/                   |              |
|    fps                  | 205          |
|    iterations           | 73           |
|    time_elapsed         | 1453         |
|    total_timesteps      | 299008       |
| train/                  |              |
|    approx_kl            | 0.0005714791 |
|    clip_fraction        | 2.44e-05     |
|    clip_range           | 0.2          |
|    entropy_loss         | -2.82        |
|    explained_variance   | 2.21e-06     |
|    learning_rate        | 0.0003       |
|    loss                 | 8.53e+05     |
|    n_updates            | 720          |
|    policy_gradient_loss | -0.000775    |
|    std                  | 0.991        |
|    value_loss           | 2.02e+06     |
------------------------------------------
------------------------------------------
| time/                   |              |
|    fps                  | 205          |
|    iterations           | 74           |
|    time_elapsed         | 1471         |
|    total_timesteps      | 303104       |
| train/                  |              |
|    approx_kl            | 0.0006374634 |
|    clip_fraction        | 4.88e-05     |
|    clip_range           | 0.2          |
|    entropy_loss         | -2.82        |
|    explained_variance   | 9.12e-06     |
|    learning_rate        | 0.0003       |
|    loss                 | 5.47e+05     |
|    n_updates            | 730          |
|    policy_gradient_loss | -0.000945    |
|    std                  | 0.992        |
|    value_loss           | 1.2e+06      |
------------------------------------------
------------------------------------------
| time/                   |              |
|    fps                  | 206          |
|    iterations           | 75           |
|    time_elapsed         | 1490         |
|    total_timesteps      | 307200       |
| train/                  |              |
|    approx_kl            | 0.0005105139 |
|    clip_fraction        | 0            |
|    clip_range           | 0.2          |
|    entropy_loss         | -2.82        |
|    explained_variance   | 4.41e-06     |
|    learning_rate        | 0.0003       |
|    loss                 | 1.37e+06     |
|    n_updates            | 740          |
|    policy_gradient_loss | -0.000799    |
|    std                  | 0.992        |
|    value_loss           | 2.41e+06     |
------------------------------------------
------------------------------------------
| time/                   |              |
|    fps                  | 206          |
|    iterations           | 76           |
|    time_elapsed         | 1509         |
|    total_timesteps      | 311296       |
| train/                  |              |
|    approx_kl            | 0.0014478308 |
|    clip_fraction        | 0.000708     |
|    clip_range           | 0.2          |
|    entropy_loss         | -2.82        |
|    explained_variance   | 5.25e-06     |
|    learning_rate        | 0.0003       |
|    loss                 | 1.01e+06     |
|    n_updates            | 750          |
|    policy_gradient_loss | -0.00151     |
|    std                  | 0.993        |
|    value_loss           | 2.23e+06     |
------------------------------------------
-------------------------------------------
| time/                   |               |
|    fps                  | 206           |
|    iterations           | 77            |
|    time_elapsed         | 1528          |
|    total_timesteps      | 315392        |
| train/                  |               |
|    approx_kl            | 0.00077032566 |
|    clip_fraction        | 0.000122      |
|    clip_range           | 0.2           |
|    entropy_loss         | -2.82         |
|    explained_variance   | 5.07e-06      |
|    learning_rate        | 0.0003        |
|    loss                 | 9.68e+05      |
|    n_updates            | 760           |
|    policy_gradient_loss | -0.00095      |
|    std                  | 0.994         |
|    value_loss           | 2.23e+06      |
-------------------------------------------
--------------------------------------------
| time/                   |                |
|    fps                  | 206            |
|    iterations           | 78             |
|    time_elapsed         | 1547           |
|    total_timesteps      | 319488         |
| train/                  |                |
|    approx_kl            | 0.000121395875 |
|    clip_fraction        | 0              |
|    clip_range           | 0.2            |
|    entropy_loss         | -2.83          |
|    explained_variance   | 4.11e-06       |
|    learning_rate        | 0.0003         |
|    loss                 | 1.36e+06       |
|    n_updates            | 770            |
|    policy_gradient_loss | -0.000374      |
|    std                  | 0.995          |
|    value_loss           | 2.7e+06        |
--------------------------------------------
------------------------------------------
| time/                   |              |
|    fps                  | 206          |
|    iterations           | 79           |
|    time_elapsed         | 1566         |
|    total_timesteps      | 323584       |
| train/                  |              |
|    approx_kl            | 0.0008341025 |
|    clip_fraction        | 0            |
|    clip_range           | 0.2          |
|    entropy_loss         | -2.83        |
|    explained_variance   | 1.25e-06     |
|    learning_rate        | 0.0003       |
|    loss                 | 1.44e+06     |
|    n_updates            | 780          |
|    policy_gradient_loss | -0.000939    |
|    std                  | 0.996        |
|    value_loss           | 2.96e+06     |
------------------------------------------
-------------------------------------------
| time/                   |               |
|    fps                  | 206           |
|    iterations           | 80            |
|    time_elapsed         | 1585          |
|    total_timesteps      | 327680        |
| train/                  |               |
|    approx_kl            | 0.00020420796 |
|    clip_fraction        | 0             |
|    clip_range           | 0.2           |
|    entropy_loss         | -2.83         |
|    explained_variance   | 2.56e-06      |
|    learning_rate        | 0.0003        |
|    loss                 | 1.45e+06      |
|    n_updates            | 790           |
|    policy_gradient_loss | -0.000603     |
|    std                  | 0.998         |
|    value_loss           | 2.82e+06      |
-------------------------------------------
------------------------------------------
| time/                   |              |
|    fps                  | 206          |
|    iterations           | 81           |
|    time_elapsed         | 1604         |
|    total_timesteps      | 331776       |
| train/                  |              |
|    approx_kl            | 0.0019619158 |
|    clip_fraction        | 0.00171      |
|    clip_range           | 0.2          |
|    entropy_loss         | -2.83        |
|    explained_variance   | 2.38e-06     |
|    learning_rate        | 0.0003       |
|    loss                 | 1.11e+06     |
|    n_updates            | 800          |
|    policy_gradient_loss | -0.00184     |
|    std                  | 0.997        |
|    value_loss           | 2.34e+06     |
------------------------------------------
------------------------------------------
| time/                   |              |
|    fps                  | 206          |
|    iterations           | 82           |
|    time_elapsed         | 1623         |
|    total_timesteps      | 335872       |
| train/                  |              |
|    approx_kl            | 0.0008141745 |
|    clip_fraction        | 9.77e-05     |
|    clip_range           | 0.2          |
|    entropy_loss         | -2.83        |
|    explained_variance   | 5.9e-06      |
|    learning_rate        | 0.0003       |
|    loss                 | 1.03e+06     |
|    n_updates            | 810          |
|    policy_gradient_loss | -0.000964    |
|    std                  | 0.997        |
|    value_loss           | 2.06e+06     |
------------------------------------------
------------------------------------------
| time/                   |              |
|    fps                  | 207          |
|    iterations           | 83           |
|    time_elapsed         | 1641         |
|    total_timesteps      | 339968       |
| train/                  |              |
|    approx_kl            | 0.0004434478 |
|    clip_fraction        | 0            |
|    clip_range           | 0.2          |
|    entropy_loss         | -2.83        |
|    explained_variance   | 2.21e-06     |
|    learning_rate        | 0.0003       |
|    loss                 | 1.33e+06     |
|    n_updates            | 820          |
|    policy_gradient_loss | -0.000902    |
|    std                  | 0.999        |
|    value_loss           | 2.49e+06     |
------------------------------------------
------------------------------------------
| time/                   |              |
|    fps                  | 207          |
|    iterations           | 84           |
|    time_elapsed         | 1660         |
|    total_timesteps      | 344064       |
| train/                  |              |
|    approx_kl            | 0.0013605534 |
|    clip_fraction        | 0.000366     |
|    clip_range           | 0.2          |
|    entropy_loss         | -2.84        |
|    explained_variance   | 2.74e-06     |
|    learning_rate        | 0.0003       |
|    loss                 | 7.19e+05     |
|    n_updates            | 830          |
|    policy_gradient_loss | -0.00164     |
|    std                  | 1            |
|    value_loss           | 1.48e+06     |
------------------------------------------
------------------------------------------
| time/                   |              |
|    fps                  | 207          |
|    iterations           | 85           |
|    time_elapsed         | 1678         |
|    total_timesteps      | 348160       |
| train/                  |              |
|    approx_kl            | 0.0016531341 |
|    clip_fraction        | 0.000879     |
|    clip_range           | 0.2          |
|    entropy_loss         | -2.84        |
|    explained_variance   | 3.4e-06      |
|    learning_rate        | 0.0003       |
|    loss                 | 7.48e+05     |
|    n_updates            | 840          |
|    policy_gradient_loss | -0.00221     |
|    std                  | 1            |
|    value_loss           | 1.65e+06     |
------------------------------------------
------------------------------------------
| time/                   |              |
|    fps                  | 207          |
|    iterations           | 86           |
|    time_elapsed         | 1696         |
|    total_timesteps      | 352256       |
| train/                  |              |
|    approx_kl            | 0.0010864706 |
|    clip_fraction        | 0.000122     |
|    clip_range           | 0.2          |
|    entropy_loss         | -2.84        |
|    explained_variance   | 2.15e-06     |
|    learning_rate        | 0.0003       |
|    loss                 | 1.08e+06     |
|    n_updates            | 850          |
|    policy_gradient_loss | -0.00137     |
|    std                  | 0.999        |
|    value_loss           | 2.03e+06     |
------------------------------------------
------------------------------------------
| time/                   |              |
|    fps                  | 207          |
|    iterations           | 87           |
|    time_elapsed         | 1715         |
|    total_timesteps      | 356352       |
| train/                  |              |
|    approx_kl            | 0.0006811196 |
|    clip_fraction        | 4.88e-05     |
|    clip_range           | 0.2          |
|    entropy_loss         | -2.84        |
|    explained_variance   | 1.97e-06     |
|    learning_rate        | 0.0003       |
|    loss                 | 7.41e+05     |
|    n_updates            | 860          |
|    policy_gradient_loss | -0.00129     |
|    std                  | 1            |
|    value_loss           | 1.78e+06     |
------------------------------------------
------------------------------------------
| time/                   |              |
|    fps                  | 207          |
|    iterations           | 88           |
|    time_elapsed         | 1734         |
|    total_timesteps      | 360448       |
| train/                  |              |
|    approx_kl            | 0.0012430304 |
|    clip_fraction        | 0.000415     |
|    clip_range           | 0.2          |
|    entropy_loss         | -2.84        |
|    explained_variance   | 1.25e-06     |
|    learning_rate        | 0.0003       |
|    loss                 | 1.72e+06     |
|    n_updates            | 870          |
|    policy_gradient_loss | -0.00169     |
|    std                  | 1            |
|    value_loss           | 3.65e+06     |
------------------------------------------
------------------------------------------
| time/                   |              |
|    fps                  | 207          |
|    iterations           | 89           |
|    time_elapsed         | 1754         |
|    total_timesteps      | 364544       |
| train/                  |              |
|    approx_kl            | 0.0009285656 |
|    clip_fraction        | 0            |
|    clip_range           | 0.2          |
|    entropy_loss         | -2.85        |
|    explained_variance   | 2.92e-06     |
|    learning_rate        | 0.0003       |
|    loss                 | 1.03e+06     |
|    n_updates            | 880          |
|    policy_gradient_loss | -0.00138     |
|    std                  | 1            |
|    value_loss           | 2.39e+06     |
------------------------------------------
-------------------------------------------
| time/                   |               |
|    fps                  | 207           |
|    iterations           | 90            |
|    time_elapsed         | 1773          |
|    total_timesteps      | 368640        |
| train/                  |               |
|    approx_kl            | 0.00044716737 |
|    clip_fraction        | 0             |
|    clip_range           | 0.2           |
|    entropy_loss         | -2.84         |
|    explained_variance   | 5.25e-06      |
|    learning_rate        | 0.0003        |
|    loss                 | 9.57e+05      |
|    n_updates            | 890           |
|    policy_gradient_loss | -0.000692     |
|    std                  | 1             |
|    value_loss           | 1.9e+06       |
-------------------------------------------
------------------------------------------
| time/                   |              |
|    fps                  | 207          |
|    iterations           | 91           |
|    time_elapsed         | 1792         |
|    total_timesteps      | 372736       |
| train/                  |              |
|    approx_kl            | 0.0009532544 |
|    clip_fraction        | 0.000195     |
|    clip_range           | 0.2          |
|    entropy_loss         | -2.84        |
|    explained_variance   | 1.01e-06     |
|    learning_rate        | 0.0003       |
|    loss                 | 1.29e+06     |
|    n_updates            | 900          |
|    policy_gradient_loss | -0.00105     |
|    std                  | 1            |
|    value_loss           | 1.89e+06     |
------------------------------------------
------------------------------------------
| time/                   |              |
|    fps                  | 207          |
|    iterations           | 92           |
|    time_elapsed         | 1811         |
|    total_timesteps      | 376832       |
| train/                  |              |
|    approx_kl            | 0.0005872658 |
|    clip_fraction        | 0            |
|    clip_range           | 0.2          |
|    entropy_loss         | -2.84        |
|    explained_variance   | 3.52e-06     |
|    learning_rate        | 0.0003       |
|    loss                 | 9.7e+05      |
|    n_updates            | 910          |
|    policy_gradient_loss | -0.00078     |
|    std                  | 1            |
|    value_loss           | 2.2e+06      |
------------------------------------------
------------------------------------------
| time/                   |              |
|    fps                  | 208          |
|    iterations           | 93           |
|    time_elapsed         | 1830         |
|    total_timesteps      | 380928       |
| train/                  |              |
|    approx_kl            | 0.0034253295 |
|    clip_fraction        | 0.00889      |
|    clip_range           | 0.2          |
|    entropy_loss         | -2.85        |
|    explained_variance   | 2.92e-06     |
|    learning_rate        | 0.0003       |
|    loss                 | 4.01e+05     |
|    n_updates            | 920          |
|    policy_gradient_loss | -0.00224     |
|    std                  | 1            |
|    value_loss           | 7.45e+05     |
------------------------------------------
-----------------------------------------
| time/                   |             |
|    fps                  | 208         |
|    iterations           | 94          |
|    time_elapsed         | 1849        |
|    total_timesteps      | 385024      |
| train/                  |             |
|    approx_kl            | 0.000546966 |
|    clip_fraction        | 0           |
|    clip_range           | 0.2         |
|    entropy_loss         | -2.85       |
|    explained_variance   | 1.01e-06    |
|    learning_rate        | 0.0003      |
|    loss                 | 1.05e+06    |
|    n_updates            | 930         |
|    policy_gradient_loss | -0.000867   |
|    std                  | 1.01        |
|    value_loss           | 2.21e+06    |
-----------------------------------------
------------------------------------------
| time/                   |              |
|    fps                  | 208          |
|    iterations           | 95           |
|    time_elapsed         | 1868         |
|    total_timesteps      | 389120       |
| train/                  |              |
|    approx_kl            | 0.0003213379 |
|    clip_fraction        | 0            |
|    clip_range           | 0.2          |
|    entropy_loss         | -2.85        |
|    explained_variance   | 1.43e-06     |
|    learning_rate        | 0.0003       |
|    loss                 | 1.44e+06     |
|    n_updates            | 940          |
|    policy_gradient_loss | -0.000587    |
|    std                  | 1            |
|    value_loss           | 3.03e+06     |
------------------------------------------
------------------------------------------
| time/                   |              |
|    fps                  | 208          |
|    iterations           | 96           |
|    time_elapsed         | 1887         |
|    total_timesteps      | 393216       |
| train/                  |              |
|    approx_kl            | 0.0015855839 |
|    clip_fraction        | 0.00149      |
|    clip_range           | 0.2          |
|    entropy_loss         | -2.85        |
|    explained_variance   | 2.09e-06     |
|    learning_rate        | 0.0003       |
|    loss                 | 5.3e+05      |
|    n_updates            | 950          |
|    policy_gradient_loss | -0.00173     |
|    std                  | 1.01         |
|    value_loss           | 1.14e+06     |
------------------------------------------
------------------------------------------
| time/                   |              |
|    fps                  | 208          |
|    iterations           | 97           |
|    time_elapsed         | 1907         |
|    total_timesteps      | 397312       |
| train/                  |              |
|    approx_kl            | 0.0009696348 |
|    clip_fraction        | 0.000171     |
|    clip_range           | 0.2          |
|    entropy_loss         | -2.85        |
|    explained_variance   | 5.3e-06      |
|    learning_rate        | 0.0003       |
|    loss                 | 2.45e+05     |
|    n_updates            | 960          |
|    policy_gradient_loss | -0.00163     |
|    std                  | 1.01         |
|    value_loss           | 4.37e+05     |
------------------------------------------
------------------------------------------
| time/                   |              |
|    fps                  | 208          |
|    iterations           | 98           |
|    time_elapsed         | 1927         |
|    total_timesteps      | 401408       |
| train/                  |              |
|    approx_kl            | 0.0028534743 |
|    clip_fraction        | 0.00564      |
|    clip_range           | 0.2          |
|    entropy_loss         | -2.86        |
|    explained_variance   | 2.38e-06     |
|    learning_rate        | 0.0003       |
|    loss                 | 5.17e+05     |
|    n_updates            | 970          |
|    policy_gradient_loss | -0.00205     |
|    std                  | 1.01         |
|    value_loss           | 9.59e+05     |
------------------------------------------

  saved ppo_usv.zip and ppo_usv_vecnorm.pkl
