10 seeds x 260 s, long-crested head seas
  constant-thrust baseline:
        5 kN -> u 3.86
        7 kN -> u 4.46
        9 kN -> u 4.96
       11 kN -> u 5.41

  delta vs constant thrust AT EQUAL SPEED, per metric
  metric                      no preview             short 8 s            group 90 s
  acc_rms                  +1.6 ¡À0.5 *         +1.2 ¡À0.6 *         +0.4 ¡À0.6  
  acc_p99                  +2.4 ¡À1.6           +2.7 ¡À1.6           +3.0 ¡À2.0  
  fatigue                  +4.3 ¡À2.3           +4.6 ¡À2.3           +2.4 ¡À3.4  
  rvm_rms                  +0.9 ¡À0.5           +1.1 ¡À0.5 *         +0.9 ¡À0.5  
  rvv_rms                  +0.2 ¡À1.2           -0.1 ¡À1.2           +1.3 ¡À1.5  
  slam_impulse             +0.8 ¡À1.9           +2.1 ¡À1.7           +6.4 ¡À3.6  
  slam_p99                 -3.3 ¡À4.1           -0.0 ¡À4.5          +10.3 ¡À6.2  
  slam_rate_ochi           +1.8 ¡À5.9           +5.7 ¡À5.2           +9.6 ¡À9.8  
  wet_rate                 +2.4 ¡À2.0           +2.6 ¡À2.0           +4.0 ¡À2.7  

  speeds: no preview 4.21 m/s  short 8 s 4.57 m/s  group 90 s 3.89 m/s
  * = exceeds twice its own standard error

  metrics IMPROVED beyond noise by any preview strategy: 0 of 27
