identifying reduced model for the MPC ...

no-information baseline (constant thrust):
  thrust   3000 N -> u 3.08 m/s, acc_p99 0.511 g, slam 0.0/min
  thrust   5000 N -> u 3.87 m/s, acc_p99 0.591 g, slam 0.2/min
  thrust   7000 N -> u 4.47 m/s, acc_p99 0.645 g, slam 0.6/min
  thrust   9000 N -> u 4.96 m/s, acc_p99 0.689 g, slam 0.8/min
  thrust  11000 N -> u 5.41 m/s, acc_p99 0.726 g, slam 1.4/min

preview sweep (MPC, oracle preview):
   T_prev   u_mean  acc_rms  acc_p99  slam/min  slamP99  slamImp   cross
      0.0     4.22    0.253    0.639      0.32     28.5    174.5    1.61
      2.0     4.61    0.266    0.671      0.77     35.1    216.8    1.64
      4.0     4.55    0.264    0.670      0.82     34.6    213.9    1.68
      6.0     4.55    0.264    0.667      0.82     34.5    212.9    1.67
      8.0     4.54    0.264    0.669      0.75     34.4    213.0    1.66
     12.0     4.54    0.263    0.664      0.77     34.6    212.5    1.65

  figure: fig11_m7_preview.png

  value of preview AT EQUAL SPEED (vs constant-thrust baseline)
  every delta carries +-1 standard error over the seed set; a delta
  smaller than its own error bar is not a result.

  acc_p99 [g]
     T_prev      u     value     +-  baseline   delta%     +-  resolved
        0.0   4.22     0.639  0.008     0.623      2.7    1.8        no
        2.0   4.61     0.671  0.010     0.657      2.1    2.0        no
        4.0   4.55     0.670  0.008     0.653      2.6    1.7        no
        6.0   4.55     0.667  0.006     0.652      2.3    1.6        no
        8.0   4.54     0.669  0.008     0.652      2.7    1.7        no
       12.0   4.54     0.664  0.006     0.651      2.0    1.6        no

  slam_impulse [kN.s/min]
     T_prev      u     value     +-  baseline   delta%     +-  resolved
        0.0   4.22   174.523  1.941   171.393      1.8    1.9        no
        2.0   4.61   216.796  3.415   212.241      2.1    2.0        no
        4.0   4.55   213.939  3.563   206.634      3.5    2.1        no
        6.0   4.55   212.899  3.394   206.119      3.3    2.1        no
        8.0   4.54   212.975  2.963   205.462      3.7    1.9        no
       12.0   4.54   212.452  2.992   205.119      3.6    1.9        no

  slam_p99 [kN]
     T_prev      u     value     +-  baseline   delta%     +-  resolved
        0.0   4.22    28.474  0.613    28.740     -0.9    3.8        no
        2.0   4.61    35.112  1.151    33.867      3.7    4.3        no
        4.0   4.55    34.569  0.919    33.266      3.9    3.9        no
        6.0   4.55    34.501  1.186    33.210      3.9    4.5        no
        8.0   4.54    34.386  1.179    33.140      3.8    4.5        no
       12.0   4.54    34.591  1.160    33.103      4.5    4.5        no

  slam_per_min [/min]
     T_prev      u     value     +-  baseline   delta%     +-  resolved
        0.0   4.22     0.325  0.078     0.430    -24.5   27.1        no
        2.0   4.61     0.775  0.150     0.653     18.6   26.5        no
        4.0   4.55     0.825  0.118     0.624     32.2   23.4        no
        6.0   4.55     0.825  0.161     0.621     32.8   29.5        no
        8.0   4.54     0.750  0.159     0.618     21.4   29.3        no
       12.0   4.54     0.775  0.159     0.616     25.8   29.3        no

